This is pdfTeX, Version 3.141592653-2.6-1.40.27 (TeX Live 2026/dev/Arch Linux) (preloaded format=pdflatex 2026.2.9)  10 FEB 2026 16:22
entering extended mode
 restricted \write18 enabled.
 %&-line parsing enabled.
**INFORME_IEEE_EN.tex
(./INFORME_IEEE_EN.tex
LaTeX2e <2024-11-01> patch level 2
L3 programming layer <2025-01-18>
(/usr/share/texmf-dist/tex/latex/ieeetran/IEEEtran.cls
Document Class: IEEEtran 2015/08/26 V1.8b by Michael Shell
-- See the "IEEEtran_HOWTO" manual for usage information.
-- http://www.michaelshell.org/tex/ieeetran/
\@IEEEtrantmpdimenA=\dimen141
\@IEEEtrantmpdimenB=\dimen142
\@IEEEtrantmpdimenC=\dimen143
\@IEEEtrantmpcountA=\count196
\@IEEEtrantmpcountB=\count197
\@IEEEtrantmpcountC=\count198
\@IEEEtrantmptoksA=\toks17
LaTeX Font Info:    Trying to load font information for OT1+ptm on input line 5
03.
(/usr/share/texmf-dist/tex/latex/psnfss/ot1ptm.fd
File: ot1ptm.fd 2001/06/04 font definitions for OT1/ptm.
)
-- Using 8.5in x 11in (letter) paper.
-- Using PDF output.
\@IEEEnormalsizeunitybaselineskip=\dimen144
-- This is a 10 point document.
\CLASSINFOnormalsizebaselineskip=\dimen145
\CLASSINFOnormalsizeunitybaselineskip=\dimen146
\IEEEnormaljot=\dimen147
LaTeX Font Info:    Font shape `OT1/ptm/bx/n' in size <5> not available
(Font)              Font shape `OT1/ptm/b/n' tried instead on input line 1090.
LaTeX Font Info:    Font shape `OT1/ptm/bx/it' in size <5> not available
(Font)              Font shape `OT1/ptm/b/it' tried instead on input line 1090.

LaTeX Font Info:    Font shape `OT1/ptm/bx/n' in size <7> not available
(Font)              Font shape `OT1/ptm/b/n' tried instead on input line 1090.
LaTeX Font Info:    Font shape `OT1/ptm/bx/it' in size <7> not available
(Font)              Font shape `OT1/ptm/b/it' tried instead on input line 1090.

LaTeX Font Info:    Font shape `OT1/ptm/bx/n' in size <8> not available
(Font)              Font shape `OT1/ptm/b/n' tried instead on input line 1090.
LaTeX Font Info:    Font shape `OT1/ptm/bx/it' in size <8> not available
(Font)              Font shape `OT1/ptm/b/it' tried instead on input line 1090.

LaTeX Font Info:    Font shape `OT1/ptm/bx/n' in size <9> not available
(Font)              Font shape `OT1/ptm/b/n' tried instead on input line 1090.
LaTeX Font Info:    Font shape `OT1/ptm/bx/it' in size <9> not available
(Font)              Font shape `OT1/ptm/b/it' tried instead on input line 1090.

LaTeX Font Info:    Font shape `OT1/ptm/bx/n' in size <10> not available
(Font)              Font shape `OT1/ptm/b/n' tried instead on input line 1090.
LaTeX Font Info:    Font shape `OT1/ptm/bx/it' in size <10> not available
(Font)              Font shape `OT1/ptm/b/it' tried instead on input line 1090.

LaTeX Font Info:    Font shape `OT1/ptm/bx/n' in size <11> not available
(Font)              Font shape `OT1/ptm/b/n' tried instead on input line 1090.
LaTeX Font Info:    Font shape `OT1/ptm/bx/it' in size <11> not available
(Font)              Font shape `OT1/ptm/b/it' tried instead on input line 1090.

LaTeX Font Info:    Font shape `OT1/ptm/bx/n' in size <12> not available
(Font)              Font shape `OT1/ptm/b/n' tried instead on input line 1090.
LaTeX Font Info:    Font shape `OT1/ptm/bx/it' in size <12> not available
(Font)              Font shape `OT1/ptm/b/it' tried instead on input line 1090.

LaTeX Font Info:    Font shape `OT1/ptm/bx/n' in size <17> not available
(Font)              Font shape `OT1/ptm/b/n' tried instead on input line 1090.
LaTeX Font Info:    Font shape `OT1/ptm/bx/it' in size <17> not available
(Font)              Font shape `OT1/ptm/b/it' tried instead on input line 1090.

LaTeX Font Info:    Font shape `OT1/ptm/bx/n' in size <20> not available
(Font)              Font shape `OT1/ptm/b/n' tried instead on input line 1090.
LaTeX Font Info:    Font shape `OT1/ptm/bx/it' in size <20> not available
(Font)              Font shape `OT1/ptm/b/it' tried instead on input line 1090.

LaTeX Font Info:    Font shape `OT1/ptm/bx/n' in size <24> not available
(Font)              Font shape `OT1/ptm/b/n' tried instead on input line 1090.
LaTeX Font Info:    Font shape `OT1/ptm/bx/it' in size <24> not available
(Font)              Font shape `OT1/ptm/b/it' tried instead on input line 1090.

\IEEEquantizedlength=\dimen148
\IEEEquantizedlengthdiff=\dimen149
\IEEEquantizedtextheightdiff=\dimen150
\IEEEilabelindentA=\dimen151
\IEEEilabelindentB=\dimen152
\IEEEilabelindent=\dimen153
\IEEEelabelindent=\dimen154
\IEEEdlabelindent=\dimen155
\IEEElabelindent=\dimen156
\IEEEiednormlabelsep=\dimen157
\IEEEiedmathlabelsep=\dimen158
\IEEEiedtopsep=\skip49
\c@section=\count199
\c@subsection=\count266
\c@subsubsection=\count267
\c@paragraph=\count268
\c@IEEEsubequation=\count269
\abovecaptionskip=\skip50
\belowcaptionskip=\skip51
\c@figure=\count270
\c@table=\count271
\@IEEEeqnnumcols=\count272
\@IEEEeqncolcnt=\count273
\@IEEEsubeqnnumrollback=\count274
\@IEEEquantizeheightA=\dimen159
\@IEEEquantizeheightB=\dimen160
\@IEEEquantizeheightC=\dimen161
\@IEEEquantizeprevdepth=\dimen162
\@IEEEquantizemultiple=\count275
\@IEEEquantizeboxA=\box52
\@IEEEtmpitemindent=\dimen163
\IEEEPARstartletwidth=\dimen164
\c@IEEEbiography=\count276
\@IEEEtranrubishbin=\box53
) (/usr/share/texmf-dist/tex/latex/base/inputenc.sty
Package: inputenc 2024/02/08 v1.3d Input encoding file
\inpenc@prehook=\toks18
\inpenc@posthook=\toks19
) (/usr/share/texmf-dist/tex/latex/base/fontenc.sty
Package: fontenc 2021/04/29 v2.0v Standard LaTeX package
LaTeX Font Info:    Trying to load font information for T1+ptm on input line 11
6.
(/usr/share/texmf-dist/tex/latex/psnfss/t1ptm.fd
File: t1ptm.fd 2001/06/04 font definitions for T1/ptm.
)) (/usr/share/texmf-dist/tex/latex/cite/cite.sty
LaTeX Info: Redefining \cite on input line 302.
LaTeX Info: Redefining \nocite on input line 332.
Package: cite 2015/02/27  v 5.5
) (/usr/share/texmf-dist/tex/latex/amsmath/amsmath.sty
Package: amsmath 2024/11/05 v2.17t AMS math features
\@mathmargin=\skip52
For additional information on amsmath, use the `?' option.
(/usr/share/texmf-dist/tex/latex/amsmath/amstext.sty
Package: amstext 2021/08/26 v2.01 AMS text
(/usr/share/texmf-dist/tex/latex/amsmath/amsgen.sty
File: amsgen.sty 1999/11/30 v2.0 generic functions
\@emptytoks=\toks20
\ex@=\dimen165
)) (/usr/share/texmf-dist/tex/latex/amsmath/amsbsy.sty
Package: amsbsy 1999/11/29 v1.2d Bold Symbols
\pmbraise@=\dimen166
) (/usr/share/texmf-dist/tex/latex/amsmath/amsopn.sty
Package: amsopn 2022/04/08 v2.04 operator names
)
\inf@bad=\count277
LaTeX Info: Redefining \frac on input line 233.
\uproot@=\count278
\leftroot@=\count279
LaTeX Info: Redefining \overline on input line 398.
LaTeX Info: Redefining \colon on input line 409.
\classnum@=\count280
\DOTSCASE@=\count281
LaTeX Info: Redefining \ldots on input line 495.
LaTeX Info: Redefining \dots on input line 498.
LaTeX Info: Redefining \cdots on input line 619.
\Mathstrutbox@=\box54
\strutbox@=\box55
LaTeX Info: Redefining \big on input line 721.
LaTeX Info: Redefining \Big on input line 722.
LaTeX Info: Redefining \bigg on input line 723.
LaTeX Info: Redefining \Bigg on input line 724.
\big@size=\dimen167
LaTeX Font Info:    Redeclaring font encoding OML on input line 742.
LaTeX Font Info:    Redeclaring font encoding OMS on input line 743.
\macc@depth=\count282
LaTeX Info: Redefining \bmod on input line 904.
LaTeX Info: Redefining \pmod on input line 909.
LaTeX Info: Redefining \smash on input line 939.
LaTeX Info: Redefining \relbar on input line 969.
LaTeX Info: Redefining \Relbar on input line 970.
\c@MaxMatrixCols=\count283
\dotsspace@=\muskip17
\c@parentequation=\count284
\dspbrk@lvl=\count285
\tag@help=\toks21
\row@=\count286
\column@=\count287
\maxfields@=\count288
\andhelp@=\toks22
\eqnshift@=\dimen168
\alignsep@=\dimen169
\tagshift@=\dimen170
\tagwidth@=\dimen171
\totwidth@=\dimen172
\lineht@=\dimen173
\@envbody=\toks23
\multlinegap=\skip53
\multlinetaggap=\skip54
\mathdisplay@stack=\toks24
LaTeX Info: Redefining \[ on input line 2953.
LaTeX Info: Redefining \] on input line 2954.
) (/usr/share/texmf-dist/tex/latex/amsfonts/amssymb.sty
Package: amssymb 2013/01/14 v3.01 AMS font symbols
(/usr/share/texmf-dist/tex/latex/amsfonts/amsfonts.sty
Package: amsfonts 2013/01/14 v3.01 Basic AMSFonts support
\symAMSa=\mathgroup4
\symAMSb=\mathgroup5
LaTeX Font Info:    Redeclaring math symbol \hbar on input line 98.
LaTeX Font Info:    Overwriting math alphabet `\mathfrak' in version `bold'
(Font)                  U/euf/m/n --> U/euf/b/n on input line 106.
)) (/usr/share/texmf-dist/tex/latex/algorithms/algorithmic.sty
Package: algorithmic 2009/08/24 v0.1 Document Style `algorithmic'
(/usr/share/texmf-dist/tex/latex/base/ifthen.sty
Package: ifthen 2024/03/16 v1.1e Standard LaTeX ifthen package (DPC)
) (/usr/share/texmf-dist/tex/latex/graphics/keyval.sty
Package: keyval 2022/05/29 v1.15 key=value parser (DPC)
\KV@toks@=\toks25
)
\c@ALC@unique=\count289
\c@ALC@line=\count290
\c@ALC@rem=\count291
\c@ALC@depth=\count292
\ALC@tlm=\skip55
\algorithmicindent=\skip56
) (/usr/share/texmf-dist/tex/latex/graphics/graphicx.sty
Package: graphicx 2021/09/16 v1.2d Enhanced LaTeX Graphics (DPC,SPQR)
(/usr/share/texmf-dist/tex/latex/graphics/graphics.sty
Package: graphics 2024/08/06 v1.4g Standard LaTeX Graphics (DPC,SPQR)
(/usr/share/texmf-dist/tex/latex/graphics/trig.sty
Package: trig 2023/12/02 v1.11 sin cos tan (DPC)
) (/usr/share/texmf-dist/tex/latex/graphics-cfg/graphics.cfg
File: graphics.cfg 2016/06/04 v1.11 sample graphics configuration
)
Package graphics Info: Driver file: pdftex.def on input line 106.
(/usr/share/texmf-dist/tex/latex/graphics-def/pdftex.def
File: pdftex.def 2024/04/13 v1.2c Graphics/color driver for pdftex
))
\Gin@req@height=\dimen174
\Gin@req@width=\dimen175
) (/usr/share/texmf-dist/tex/latex/base/textcomp.sty
Package: textcomp 2024/04/24 v2.1b Standard LaTeX package
) (/usr/share/texmf-dist/tex/latex/xcolor/xcolor.sty
Package: xcolor 2024/09/29 v3.02 LaTeX color extensions (UK)
(/usr/share/texmf-dist/tex/latex/graphics-cfg/color.cfg
File: color.cfg 2016/01/02 v1.6 sample color configuration
)
Package xcolor Info: Driver file: pdftex.def on input line 274.
(/usr/share/texmf-dist/tex/latex/graphics/mathcolor.ltx)
Package xcolor Info: Model `cmy' substituted by `cmy0' on input line 1349.
Package xcolor Info: Model `hsb' substituted by `rgb' on input line 1353.
Package xcolor Info: Model `RGB' extended on input line 1365.
Package xcolor Info: Model `HTML' substituted by `rgb' on input line 1367.
Package xcolor Info: Model `Hsb' substituted by `hsb' on input line 1368.
Package xcolor Info: Model `tHsb' substituted by `hsb' on input line 1369.
Package xcolor Info: Model `HSB' substituted by `hsb' on input line 1370.
Package xcolor Info: Model `Gray' substituted by `gray' on input line 1371.
Package xcolor Info: Model `wave' substituted by `hsb' on input line 1372.
) (/usr/share/texmf-dist/tex/latex/hyperref/hyperref.sty
Package: hyperref 2024-11-05 v7.01l Hypertext links for LaTeX
(/usr/share/texmf-dist/tex/generic/iftex/iftex.sty
Package: iftex 2024/12/12 v1.0g TeX engine tests
) (/usr/share/texmf-dist/tex/latex/kvsetkeys/kvsetkeys.sty
Package: kvsetkeys 2022-10-05 v1.19 Key value parser (HO)
) (/usr/share/texmf-dist/tex/generic/kvdefinekeys/kvdefinekeys.sty
Package: kvdefinekeys 2019-12-19 v1.6 Define keys (HO)
) (/usr/share/texmf-dist/tex/generic/pdfescape/pdfescape.sty
Package: pdfescape 2019/12/09 v1.15 Implements pdfTeX's escape features (HO)
(/usr/share/texmf-dist/tex/generic/ltxcmds/ltxcmds.sty
Package: ltxcmds 2023-12-04 v1.26 LaTeX kernel commands for general use (HO)
) (/usr/share/texmf-dist/tex/generic/pdftexcmds/pdftexcmds.sty
Package: pdftexcmds 2020-06-27 v0.33 Utility functions of pdfTeX for LuaTeX (HO
)
(/usr/share/texmf-dist/tex/generic/infwarerr/infwarerr.sty
Package: infwarerr 2019/12/03 v1.5 Providing info/warning/error messages (HO)
)
Package pdftexcmds Info: \pdf@primitive is available.
Package pdftexcmds Info: \pdf@ifprimitive is available.
Package pdftexcmds Info: \pdfdraftmode found.
)) (/usr/share/texmf-dist/tex/latex/hycolor/hycolor.sty
Package: hycolor 2020-01-27 v1.10 Color options for hyperref/bookmark (HO)
) (/usr/share/texmf-dist/tex/latex/hyperref/nameref.sty
Package: nameref 2023-11-26 v2.56 Cross-referencing by name of section
(/usr/share/texmf-dist/tex/latex/refcount/refcount.sty
Package: refcount 2019/12/15 v3.6 Data extraction from label references (HO)
) (/usr/share/texmf-dist/tex/generic/gettitlestring/gettitlestring.sty
Package: gettitlestring 2019/12/15 v1.6 Cleanup title references (HO)
(/usr/share/texmf-dist/tex/latex/kvoptions/kvoptions.sty
Package: kvoptions 2022-06-15 v3.15 Key value format for package options (HO)
))
\c@section@level=\count293
) (/usr/share/texmf-dist/tex/latex/etoolbox/etoolbox.sty
Package: etoolbox 2025/02/11 v2.5l e-TeX tools for LaTeX (JAW)
\etb@tempcnta=\count294
) (/usr/share/texmf-dist/tex/generic/stringenc/stringenc.sty
Package: stringenc 2019/11/29 v1.12 Convert strings between diff. encodings (HO
)
)
\@linkdim=\dimen176
\Hy@linkcounter=\count295
\Hy@pagecounter=\count296
(/usr/share/texmf-dist/tex/latex/hyperref/pd1enc.def
File: pd1enc.def 2024-11-05 v7.01l Hyperref: PDFDocEncoding definition (HO)
Now handling font encoding PD1 ...
... no UTF-8 mapping file for font encoding PD1
) (/usr/share/texmf-dist/tex/generic/intcalc/intcalc.sty
Package: intcalc 2019/12/15 v1.3 Expandable calculations with integers (HO)
)
\Hy@SavedSpaceFactor=\count297
(/usr/share/texmf-dist/tex/latex/hyperref/puenc.def
File: puenc.def 2024-11-05 v7.01l Hyperref: PDF Unicode definition (HO)
Now handling font encoding PU ...
... no UTF-8 mapping file for font encoding PU
)
Package hyperref Info: Hyper figures OFF on input line 4157.
Package hyperref Info: Link nesting OFF on input line 4162.
Package hyperref Info: Hyper index ON on input line 4165.
Package hyperref Info: Plain pages OFF on input line 4172.
Package hyperref Info: Backreferencing OFF on input line 4177.
Package hyperref Info: Implicit mode ON; LaTeX internals redefined.
Package hyperref Info: Bookmarks ON on input line 4424.
\c@Hy@tempcnt=\count298
(/usr/share/texmf-dist/tex/latex/url/url.sty
\Urlmuskip=\muskip18
Package: url 2013/09/16  ver 3.4  Verb mode for urls, etc.
)
LaTeX Info: Redefining \url on input line 4763.
\XeTeXLinkMargin=\dimen177
(/usr/share/texmf-dist/tex/generic/bitset/bitset.sty
Package: bitset 2019/12/09 v1.3 Handle bit-vector datatype (HO)
(/usr/share/texmf-dist/tex/generic/bigintcalc/bigintcalc.sty
Package: bigintcalc 2019/12/15 v1.5 Expandable calculations on big integers (HO
)
))
\Fld@menulength=\count299
\Field@Width=\dimen178
\Fld@charsize=\dimen179
Package hyperref Info: Hyper figures OFF on input line 6042.
Package hyperref Info: Link nesting OFF on input line 6047.
Package hyperref Info: Hyper index ON on input line 6050.
Package hyperref Info: backreferencing OFF on input line 6057.
Package hyperref Info: Link coloring OFF on input line 6062.
Package hyperref Info: Link coloring with OCG OFF on input line 6067.
Package hyperref Info: PDF/A mode OFF on input line 6072.
(/usr/share/texmf-dist/tex/latex/base/atbegshi-ltx.sty
Package: atbegshi-ltx 2021/01/10 v1.0c Emulation of the original atbegshi
package with kernel methods
)
\Hy@abspage=\count300
\c@Item=\count301
\c@Hfootnote=\count302
)
Package hyperref Info: Driver (autodetected): hpdftex.
(/usr/share/texmf-dist/tex/latex/hyperref/hpdftex.def
File: hpdftex.def 2024-11-05 v7.01l Hyperref driver for pdfTeX
(/usr/share/texmf-dist/tex/latex/base/atveryend-ltx.sty
Package: atveryend-ltx 2020/08/19 v1.0a Emulation of the original atveryend pac
kage
with kernel methods
)
\Fld@listcount=\count303
\c@bookmark@seq@number=\count304
(/usr/share/texmf-dist/tex/latex/rerunfilecheck/rerunfilecheck.sty
Package: rerunfilecheck 2022-07-10 v1.10 Rerun checks for auxiliary files (HO)
(/usr/share/texmf-dist/tex/generic/uniquecounter/uniquecounter.sty
Package: uniquecounter 2019/12/15 v1.4 Provide unlimited unique counter (HO)
)
Package uniquecounter Info: New unique counter `rerunfilecheck' on input line 2
85.
)
\Hy@SectionHShift=\skip57
) (/usr/share/texmf-dist/tex/latex/listings/listings.sty
\lst@mode=\count305
\lst@gtempboxa=\box56
\lst@token=\toks26
\lst@length=\count306
\lst@currlwidth=\dimen180
\lst@column=\count307
\lst@pos=\count308
\lst@lostspace=\dimen181
\lst@width=\dimen182
\lst@newlines=\count309
\lst@lineno=\count310
\lst@maxwidth=\dimen183
(/usr/share/texmf-dist/tex/latex/listings/lstpatch.sty
File: lstpatch.sty 2024/09/23 1.10c (Carsten Heinz)
) (/usr/share/texmf-dist/tex/latex/listings/lstmisc.sty
File: lstmisc.sty 2024/09/23 1.10c (Carsten Heinz)
\c@lstnumber=\count311
\lst@skipnumbers=\count312
\lst@framebox=\box57
) (/usr/share/texmf-dist/tex/latex/listings/listings.cfg
File: listings.cfg 2024/09/23 1.10c listings configuration
))
Package: listings 2024/09/23 1.10c (Carsten Heinz)
(/usr/share/texmf-dist/tex/latex/subfigure/subfigure.sty
Package: subfigure 2002/03/15 v2.1.5 subfigure package
\subfigtopskip=\skip58
\subfigcapskip=\skip59
\subfigcaptopadj=\dimen184
\subfigbottomskip=\skip60
\subfigcapmargin=\dimen185
\subfiglabelskip=\skip61
\c@subfigure=\count313
\c@lofdepth=\count314
\c@subtable=\count315
\c@lotdepth=\count316
****************************************
* Local config file subfigure.cfg used *
****************************************
(/usr/share/texmf-dist/tex/latex/subfigure/subfigure.cfg)
\subfig@top=\skip62
\subfig@bottom=\skip63
) (/usr/share/texmf-dist/tex/latex/float/float.sty
Package: float 2001/11/08 v1.3d Float enhancements (AL)
\c@float@type=\count317
\float@exts=\toks27
\float@box=\box58
\@float@everytoks=\toks28
\@floatcapt=\box59
) (/usr/share/texmf-dist/tex/latex/caption/caption.sty
Package: caption 2023/08/05 v3.6o Customizing captions (AR)
(/usr/share/texmf-dist/tex/latex/caption/caption3.sty
Package: caption3 2023/07/31 v2.4d caption3 kernel (AR)
\caption@tempdima=\dimen186
\captionmargin=\dimen187
\caption@leftmargin=\dimen188
\caption@rightmargin=\dimen189
\caption@width=\dimen190
\caption@indent=\dimen191
\caption@parindent=\dimen192
\caption@hangindent=\dimen193
Package caption Info: Unknown document class (or package),
(caption)             standard defaults will be used.
Package caption Info: \@makecaption = \long macro:#1#2->\ifx \@captype \@IEEEta
blestring \footnotesize \bgroup \par \centering \@IEEEtabletopskipstrut {\norma
lfont \footnotesize #1}\\{\normalfont \footnotesize \scshape #2}\par \addvspace
 {0.5\baselineskip }\egroup \@IEEEtablecaptionsepspace \else \@IEEEfigurecaptio
nsepspace \setbox \@tempboxa \hbox {\normalfont \footnotesize {#1.}\nobreakspac
e \nobreakspace #2}\ifdim \wd \@tempboxa >\hsize \setbox \@tempboxa \hbox {\nor
malfont \footnotesize {#1.}\nobreakspace \nobreakspace }\parbox [t]{\hsize }{\n
ormalfont \footnotesize \noindent \unhbox \@tempboxa #2}\else \ifCLASSOPTIONcon
ference \hbox to\hsize {\normalfont \footnotesize \hfil \box \@tempboxa \hfil }
\else \hbox to\hsize {\normalfont \footnotesize \box \@tempboxa \hfil }\fi \fi 
\fi  on input line 1175.
)

Package caption Warning: Unknown document class (or package),
(caption)                standard defaults will be used.
See the caption package documentation for explanation.

\c@caption@flags=\count318
\c@continuedfloat=\count319
Package caption Info: float package is loaded.
Package caption Info: hyperref package is loaded.
Package caption Info: listings package is loaded.
Package caption Info: subfigure package is loaded.
) (/usr/share/texmf-dist/tex/latex/listings/lstlang1.sty
File: lstlang1.sty 2024/09/23 1.10c listings language file
) (/usr/share/texmf-dist/tex/latex/listings/lstlang1.sty
File: lstlang1.sty 2024/09/23 1.10c listings language file
) (/usr/share/texmf-dist/tex/latex/listings/lstmisc.sty
File: lstmisc.sty 2024/09/23 1.10c (Carsten Heinz)
) (/usr/share/texmf-dist/tex/latex/l3backend/l3backend-pdftex.def
File: l3backend-pdftex.def 2024-05-08 L3 backend support: PDF output (pdfTeX)
\l__color_backend_stack_int=\count320
\l__pdf_internal_box=\box60
) (./INFORME_IEEE_EN.aux)
\openout1 = `INFORME_IEEE_EN.aux'.

LaTeX Font Info:    Checking defaults for OML/cmm/m/it on input line 29.
LaTeX Font Info:    ... okay on input line 29.
LaTeX Font Info:    Checking defaults for OMS/cmsy/m/n on input line 29.
LaTeX Font Info:    ... okay on input line 29.
LaTeX Font Info:    Checking defaults for OT1/cmr/m/n on input line 29.
LaTeX Font Info:    ... okay on input line 29.
LaTeX Font Info:    Checking defaults for T1/cmr/m/n on input line 29.
LaTeX Font Info:    ... okay on input line 29.
LaTeX Font Info:    Checking defaults for TS1/cmr/m/n on input line 29.
LaTeX Font Info:    ... okay on input line 29.
LaTeX Font Info:    Checking defaults for OMX/cmex/m/n on input line 29.
LaTeX Font Info:    ... okay on input line 29.
LaTeX Font Info:    Checking defaults for U/cmr/m/n on input line 29.
LaTeX Font Info:    ... okay on input line 29.
LaTeX Font Info:    Checking defaults for PD1/pdf/m/n on input line 29.
LaTeX Font Info:    ... okay on input line 29.
LaTeX Font Info:    Checking defaults for PU/pdf/m/n on input line 29.
LaTeX Font Info:    ... okay on input line 29.
-- Lines per column: 56 (exact).
(/usr/share/texmf-dist/tex/context/base/mkii/supp-pdf.mkii
[Loading MPS to PDF converter (version 2006.09.02).]
\scratchcounter=\count321
\scratchdimen=\dimen194
\scratchbox=\box61
\nofMPsegments=\count322
\nofMParguments=\count323
\everyMPshowfont=\toks29
\MPscratchCnt=\count324
\MPscratchDim=\dimen195
\MPnumerator=\count325
\makeMPintoPDFobject=\count326
\everyMPtoPDFconversion=\toks30
) (/usr/share/texmf-dist/tex/latex/epstopdf-pkg/epstopdf-base.sty
Package: epstopdf-base 2020-01-24 v2.11 Base part for package epstopdf
Package epstopdf-base Info: Redefining graphics rule for `.eps' on input line 4
85.
(/usr/share/texmf-dist/tex/latex/latexconfig/epstopdf-sys.cfg
File: epstopdf-sys.cfg 2010/07/13 v1.3 Configuration of (r)epstopdf for TeX Liv
e
))
Package hyperref Info: Link coloring OFF on input line 29.
(./INFORME_IEEE_EN.out) (./INFORME_IEEE_EN.out)
\@outlinefile=\write3
\openout3 = `INFORME_IEEE_EN.out'.

\c@lstlisting=\count327
Package caption Info: Begin \AtBeginDocument code.
Package caption Info: End \AtBeginDocument code.
LaTeX Font Info:    Trying to load font information for U+msa on input line 49.

(/usr/share/texmf-dist/tex/latex/amsfonts/umsa.fd
File: umsa.fd 2013/01/14 v3.01 AMS symbols A
)
LaTeX Font Info:    Trying to load font information for U+msb on input line 49.

(/usr/share/texmf-dist/tex/latex/amsfonts/umsb.fd
File: umsb.fd 2013/01/14 v3.01 AMS symbols B
)


Underfull \hbox (badness 6268) in paragraph at lines 84--85
[]\T1/ptm/m/n/10 Asymmetric bound-ing box ex-pan-sion ar-chi-tec-ture
 []



[1{/var/lib/texmf/fonts/map/pdftex/updmap/pdftex.map}{/usr/share/texmf-dist/fon
ts/enc/dvips/base/8r.enc}


]


Underfull \hbox (badness 2376) in paragraph at lines 138--139
[]\T1/ptm/b/n/10 Context am-bi-gu-ity\T1/ptm/m/n/10 : Ob-jects with sim-i-lar t
ex-tures
 []



[2]
<../report/graficas/arquitectura.jpeg, id=258, 975.645pt x 1011.78pt>
File: ../report/graficas/arquitectura.jpeg Graphic file (type jpg)
<use ../report/graficas/arquitectura.jpeg>
Package pdftex.def Info: ../report/graficas/arquitectura.jpeg  used on input li
ne 160.
(pdftex.def)             Requested size: 252.0pt x 261.32748pt.
LaTeX Font Info:    Trying to load font information for TS1+ptm on input line 1
67.
(/usr/share/texmf-dist/tex/latex/psnfss/ts1ptm.fd
File: ts1ptm.fd 2001/06/04 font definitions for TS1/ptm.
)
LaTeX Font Info:    Trying to load font information for T1+pcr on input line 17
6.
(/usr/share/texmf-dist/tex/latex/psnfss/t1pcr.fd
File: t1pcr.fd 2001/06/04 font definitions for T1/pcr.
)


Underfull \hbox (badness 10000) in paragraph at lines 209--210
[]\T1/ptm/b/n/10 LBP Im-ple-men-ta-tion: \T1/ptm/m/n/10 The trained clas-si-fie
r
 []



[3 <../report/graficas/arquitectura.jpeg>] (/usr/share/texmf-dist/tex/latex/lis
tings/lstlang1.sty
File: lstlang1.sty 2024/09/23 1.10c listings language file
) (/usr/share/texmf-dist/tex/latex/listings/lstlang1.sty
File: lstlang1.sty 2024/09/23 1.10c listings language file
)
Package hyperref Info: bookmark level for unknown lstlisting defaults to 0 on i
nput line 234.

Underfull \hbox (badness 10000) in paragraph at lines 267--268
[]\T1/ptm/m/n/10 Detection pa-ram-e-ters: scale-Fac-tor=1.05, min-Neigh-
 []




Underfull \hbox (badness 10000) in paragraph at lines 329--330
 \T1/ptm/m/it/10 1) Server Ar-chi-tec-ture: [][][] \T1/ptm/b/n/10 Flask Ar-chi-
tec-ture: \T1/ptm/m/n/10 The
 []


Underfull \hbox (badness 10000) in paragraph at lines 341--342
 \T1/ptm/m/it/10 2) YOLOv8-Pose De-tec-tor: [][][] \T1/ptm/m/n/10 The de-tec-to
r uses the
 []



[4]
Underfull \hbox (badness 3260) in paragraph at lines 357--358
[]\T1/ptm/b/n/10 Configuration: \T1/ptm/m/n/10 Bot cre-den-tials are man-aged t
hrough
 []


Underfull \hbox (badness 1668) in paragraph at lines 357--358
\T1/ptm/m/n/10 en-vi-ron-ment vari-ables in a \T1/pcr/m/n/10 .env \T1/ptm/m/n/1
0 file (not in-cluded in
 []

<../report/graficas/1_precision_sensibilidad_especificidad.png, id=299, 860.013
pt x 498.4221pt>
File: ../report/graficas/1_precision_sensibilidad_especificidad.png Graphic fil
e (type png)
<use ../report/graficas/1_precision_sensibilidad_especificidad.png>
Package pdftex.def Info: ../report/graficas/1_precision_sensibilidad_especifici
dad.png  used on input line 368.
(pdftex.def)             Requested size: 252.0pt x 146.04456pt.


<../report/pruebas/sin-filtros.jpeg, id=301, 642.4pt x 481.8pt>
File: ../report/pruebas/sin-filtros.jpeg Graphic file (type jpg)
<use ../report/pruebas/sin-filtros.jpeg>
Package pdftex.def Info: ../report/pruebas/sin-filtros.jpeg  used on input line
 421.
(pdftex.def)             Requested size: 120.95892pt x 90.7122pt.
<../report/pruebas/con-filtros.jpeg, id=302, 642.4pt x 481.8pt>
File: ../report/pruebas/con-filtros.jpeg Graphic file (type jpg)
<use ../report/pruebas/con-filtros.jpeg>
Package pdftex.def Info: ../report/pruebas/con-filtros.jpeg  used on input line
 423.
(pdftex.def)             Requested size: 120.95892pt x 90.7122pt.
<../report/graficas/4_analisis_fps.png, id=303, 1004.7939pt x 721.4955pt>
File: ../report/graficas/4_analisis_fps.png Graphic file (type png)
<use ../report/graficas/4_analisis_fps.png>
Package pdftex.def Info: ../report/graficas/4_analisis_fps.png  used on input l
ine 431.
(pdftex.def)             Requested size: 252.0pt x 180.94589pt.

Underfull \vbox (badness 10000) has occurred while \output is active []



[5 <../report/graficas/1_precision_sensibilidad_especificidad.png> <../report/p
ruebas/sin-filtros.jpeg> <../report/pruebas/con-filtros.jpeg>]
<../report/graficas/3_uso_memoria.png, id=316, 1004.7939pt x 437.2335pt>
File: ../report/graficas/3_uso_memoria.png Graphic file (type png)
<use ../report/graficas/3_uso_memoria.png>
Package pdftex.def Info: ../report/graficas/3_uso_memoria.png  used on input li
ne 466.
(pdftex.def)             Requested size: 252.0pt x 109.65503pt.
<../report/graficas/5_yolov8_confianza_keypoints.png, id=317, 1003.8303pt x 722
.7pt>
File: ../report/graficas/5_yolov8_confianza_keypoints.png Graphic file (type pn
g)
<use ../report/graficas/5_yolov8_confianza_keypoints.png>
Package pdftex.def Info: ../report/graficas/5_yolov8_confianza_keypoints.png  u
sed on input line 494.
(pdftex.def)             Requested size: 252.0pt x 181.42442pt.


LaTeX Info: Symbol \textrightarrow not provided by
            font family ptm in TS1 encoding.
            Default family used instead on input line 534.
<../report/pruebas/01-persona-pie.png, id=320, 431.6125pt x 611.28375pt>
File: ../report/pruebas/01-persona-pie.png Graphic file (type png)
<use ../report/pruebas/01-persona-pie.png>
Package pdftex.def Info: ../report/pruebas/01-persona-pie.png  used on input li
ne 555.
(pdftex.def)             Requested size: 75.60077pt x 107.06953pt.

Underfull \hbox (badness 10000) in paragraph at lines 555--555
[]\T1/ptm/m/n/8 (a) Stand-ing per-son
 []


Underfull \hbox (badness 10000) in paragraph at lines 555--555
\T1/ptm/m/n/8 (17 key-points, 96%
 []

<../report/pruebas/02-persona-espaldas.png, id=321, 431.6125pt x 611.28375pt>
File: ../report/pruebas/02-persona-espaldas.png Graphic file (type png)
<use ../report/pruebas/02-persona-espaldas.png>
Package pdftex.def Info: ../report/pruebas/02-persona-espaldas.png  used on inp
ut line 557.
(pdftex.def)             Requested size: 75.60077pt x 107.06953pt.
<../report/pruebas/03-persona-inclinada.png, id=322, 431.6125pt x 611.28375pt>
File: ../report/pruebas/03-persona-inclinada.png Graphic file (type png)
<use ../report/pruebas/03-persona-inclinada.png>
Package pdftex.def Info: ../report/pruebas/03-persona-inclinada.png  used on in
put line 559.
(pdftex.def)             Requested size: 75.60077pt x 107.06953pt.
<../report/pruebas/04-persona-sentada.png, id=323, 431.6125pt x 611.28375pt>
File: ../report/pruebas/04-persona-sentada.png Graphic file (type png)
<use ../report/pruebas/04-persona-sentada.png>
Package pdftex.def Info: ../report/pruebas/04-persona-sentada.png  used on inpu
t line 561.
(pdftex.def)             Requested size: 75.60077pt x 107.06953pt.
<../report/pruebas/05-2-personas-pie.png, id=324, 431.6125pt x 611.28375pt>
File: ../report/pruebas/05-2-personas-pie.png Graphic file (type png)
<use ../report/pruebas/05-2-personas-pie.png>
Package pdftex.def Info: ../report/pruebas/05-2-personas-pie.png  used on input
 line 563.
(pdftex.def)             Requested size: 75.60077pt x 107.06953pt.
<../report/pruebas/06-1-pie-1-sentada.png, id=325, 431.6125pt x 611.28375pt>
File: ../report/pruebas/06-1-pie-1-sentada.png Graphic file (type png)
<use ../report/pruebas/06-1-pie-1-sentada.png>
Package pdftex.def Info: ../report/pruebas/06-1-pie-1-sentada.png  used on inpu
t line 565.
(pdftex.def)             Requested size: 75.60077pt x 107.06953pt.


[6 <../report/graficas/4_analisis_fps.png> <../report/graficas/3_uso_memoria.pn
g> <../report/graficas/5_yolov8_confianza_keypoints.png>]
<../report/pruebas/07-2-personas-sentadas.png, id=341, 431.6125pt x 611.28375pt
>
File: ../report/pruebas/07-2-personas-sentadas.png Graphic file (type png)
<use ../report/pruebas/07-2-personas-sentadas.png>
Package pdftex.def Info: ../report/pruebas/07-2-personas-sentadas.png  used on 
input line 573.
(pdftex.def)             Requested size: 75.60077pt x 107.06953pt.

Underfull \hbox (badness 3009) in paragraph at lines 573--573
[]\T1/ptm/m/n/8 (a) Two sit-ting peo-
 []

<../report/pruebas/08-2-personas-pie.png, id=342, 431.6125pt x 611.28375pt>
File: ../report/pruebas/08-2-personas-pie.png Graphic file (type png)
<use ../report/pruebas/08-2-personas-pie.png>
Package pdftex.def Info: ../report/pruebas/08-2-personas-pie.png  used on input
 line 575.
(pdftex.def)             Requested size: 75.60077pt x 107.06953pt.
<../report/pruebas/09-2-personas-inclinadas.png, id=343, 431.6125pt x 611.28375
pt>
File: ../report/pruebas/09-2-personas-inclinadas.png Graphic file (type png)
<use ../report/pruebas/09-2-personas-inclinadas.png>
Package pdftex.def Info: ../report/pruebas/09-2-personas-inclinadas.png  used o
n input line 577.
(pdftex.def)             Requested size: 75.60077pt x 107.06953pt.
<../report/pruebas/10-1-agachada-1-sentada.png, id=344, 431.6125pt x 611.28375p
t>
File: ../report/pruebas/10-1-agachada-1-sentada.png Graphic file (type png)
<use ../report/pruebas/10-1-agachada-1-sentada.png>
Package pdftex.def Info: ../report/pruebas/10-1-agachada-1-sentada.png  used on
 input line 579.
(pdftex.def)             Requested size: 75.60077pt x 107.06953pt.

Underfull \hbox (badness 10000) in paragraph at lines 579--579
[]\T1/ptm/m/n/8 (d) One crouch-ing
 []


Underfull \hbox (badness 5175) in paragraph at lines 579--579
\T1/ptm/m/n/8 and one sit-ting (31
 []


Underfull \hbox (badness 10000) in paragraph at lines 579--579
\T1/ptm/m/n/8 key-points, 90%
 []


Underfull \vbox (badness 10000) has occurred while \output is active []





[7{/usr/share/texmf-dist/fonts/enc/dvips/cm-super/cm-super-ts1.enc} <../report/
pruebas/01-persona-pie.png> <../report/pruebas/02-persona-espaldas.png> <../rep
ort/pruebas/03-persona-inclinada.png> <../report/pruebas/04-persona-sentada.png
> <../report/pruebas/05-2-personas-pie.png> <../report/pruebas/06-1-pie-1-senta
da.png> <../report/pruebas/07-2-personas-sentadas.png> <../report/pruebas/08-2-
personas-pie.png> <../report/pruebas/09-2-personas-inclinadas.png> <../report/p
ruebas/10-1-agachada-1-sentada.png>]



[8]

** Conference Paper **
Before submitting the final camera ready copy, remember to:

 1. Manually equalize the lengths of two columns on the last page
 of your paper;

 2. Ensure that any PostScript and/or PDF output post-processing
 uses only Type 1 fonts and that every step in the generation
 process uses the appropriate paper size.





[9

] (./INFORME_IEEE_EN.aux)
 ***********
LaTeX2e <2024-11-01> patch level 2
L3 programming layer <2025-01-18>
 ***********
Package rerunfilecheck Info: File `INFORME_IEEE_EN.out' has not changed.
(rerunfilecheck)             Checksum: AD2317A3C8489ACEC047D5913B4ADF67;7815.
 ) 
Here is how much of TeX's memory you used:
 15365 strings out of 475171
 240253 string characters out of 5767096
 911585 words of memory out of 5000000
 38008 multiletter control sequences out of 15000+600000
 673399 words of font info for 159 fonts, out of 8000000 for 9000
 14 hyphenation exceptions out of 8191
 75i,9n,79p,974b,1253s stack positions out of 10000i,1000n,20000p,200000b,200000s
</usr/share/texmf-dist/fonts/type1/public/amsfonts/cm/cmmi10.pfb></usr/share/
texmf-dist/fonts/type1/public/amsfonts/cm/cmmi7.pfb></usr/share/texmf-dist/font
s/type1/public/amsfonts/cm/cmmi8.pfb></usr/share/texmf-dist/fonts/type1/public/
amsfonts/cm/cmr10.pfb></usr/share/texmf-dist/fonts/type1/public/amsfonts/cm/cmr
7.pfb></usr/share/texmf-dist/fonts/type1/public/amsfonts/cm/cmsy10.pfb></usr/sh
are/texmf-dist/fonts/type1/public/amsfonts/cm/cmsy7.pfb></usr/share/texmf-dist/
fonts/type1/public/cm-super/sfrm0800.pfb></usr/share/texmf-dist/fonts/type1/urw
/courier/ucrb8a.pfb></usr/share/texmf-dist/fonts/type1/urw/courier/ucrr8a.pfb><
/usr/share/texmf-dist/fonts/type1/urw/times/utmb8a.pfb></usr/share/texmf-dist/f
onts/type1/urw/times/utmbi8a.pfb></usr/share/texmf-dist/fonts/type1/urw/times/u
tmr8a.pfb></usr/share/texmf-dist/fonts/type1/urw/times/utmri8a.pfb>
Output written on INFORME_IEEE_EN.pdf (9 pages, 5559498 bytes).
PDF statistics:
 495 PDF objects out of 1000 (max. 8388607)
 420 compressed objects within 5 object streams
 148 named destinations out of 1000 (max. 500000)
 430 words of extra memory for PDF output out of 10000 (max. 10000000)

